Analysis initiated from SIMULIA established products
Abaqus JOB 2
Abaqus 3DEXPERIENCE R2017x
Abaqus License Manager checked out the following licenses:
Abaqus/Standard checked out 12 tokens from Flexnet server HP-Z8.
<995 out of 1024 licenses remain available>.
Begin Analysis Input File Processor
2020/9/23 9:51:51
Run pre.exe
2020/9/23 9:52:05
End Analysis Input File Processor
Begin Abaqus/Standard Analysis
2020/9/23 9:52:05
Run standard.exe
2020/9/23 9:57:21
End Abaqus/Standard Analysis
Begin MFS->SFS and SIM cleanup
2020/9/23 9:57:36
Run SMASimUtility.exe
2020/9/23 9:57:37
End MFS->SFS and SIM cleanup
Abaqus JOB 2 COMPLETED
